// Jest Snapshot v1, https://goo.gl/fbAQLP

exports[`Pruebas en <CountertApp /> debe de hacer match con el snapshot 1`] = `
<div>
  <h1>
     Counter App 
  </h1>
   
  <br />
   
  <br />
  <div
    class="counter-container"
  >
    <div
      class="counter-superior"
    >
      <button
        class="btn-counter"
      >
         -1 
      </button>
      <h2
        class="resultados counter-font-size counter-marcador"
      >
         
        10
         
      </h2>
      <button
        class="btn-counter"
      >
         +1 
      </button>
    </div>
    <div
      class="counter-inferior"
    >
      <button
        aria-label="btn-reset"
        class="btn-counter"
      >
         Reset 
      </button>
    </div>
  </div>
</div>
`;
